!bg-base-100
!border-base-content/40
!border-none
!flex
!font-medium
!font-semibold
!h-2.5
!justify-between
!me-1.5
!ms-auto
!px-2.5
!py-0.5
!rounded-full
!rounded-xs
!text-sm
!w-2.5
*:first:rounded-tl-lg
*:last:rounded-tr-lg
-left-4
-ml-4
-translate-x-full
-translate-y-1/2
[animation-duration:0.8s]
[animation-timing-function:ease]
absolute
accordion
accordion-bordered
accordion-content
accordion-toggle
active
active-tab:bg-primary
active-tab:text-primary-content
advance-select-menu
advance-select-option
advance-select-tag
advance-select-toggle
alert
alert-error
alert-outline
alert-soft
align-bottom
align-middle
animate-bounce
animate-spin
avatar
avatar-placeholder
badge
basis-full
bg-background
bg-background/60
bg-base-100
bg-base-100/50
bg-base-200
bg-base-200!
bg-base-200/50
bg-base-200/60
bg-base-300
bg-base-300/15
bg-base-300/60
bg-error
bg-info
bg-primary
bg-primary/5
bg-success
bg-transparent
bg-warning
block
blur
border
border-0
border-1
border-2
border-3
border-b
border-b-2
border-b-base-content/20
border-b-primary
border-base-content/20
border-base-content/25
border-base-content/40
border-base-content/5
border-dashed
border-dotted
border-error/30
border-info/30
border-l-transparent
border-r-transparent
border-solid
border-success/30
border-t
border-t-transparent
border-transparent
border-warning/30
bottom-0
bottom-full
breadcrumbs
break-words
btn
btn-accent
btn-active
btn-circle
btn-disabled
btn-error
btn-info
btn-primary
btn-secondary
btn-sm
btn-soft
btn-square
btn-success
btn-text
btn-warning
card
card-alert
card-body
card-border
card-footer
card-header
card-title
carousel
carousel-body
carousel-next
carousel-prev
carousel-slide
chat
chat-avatar
chat-bubble
chat-footer
chat-header
chat-receiver
chat-sender
checkbox
checkbox-primary
checkbox-xs
col-span-1
collapse
combo-box-selected:block
combo-box-selected:dropdown-active
complete
container
contents
cursor-default
cursor-not-allowed
cursor-pointer
cursor-progress
diff
disabled
divide-base-100/60
divide-y
divider
drawer
drawer-body
drawer-bottom
drawer-end
drawer-footer
drawer-header
drawer-start
drawer-title
drawer-top
dropdown
dropdown-active
dropdown-disabled
dropdown-item
dropdown-menu
dropdown-open:opacity-100
dropdown-open:rotate-180
dropdown-toggle
duration-300
duration-500
ease-in-out
ease-linear
end-3
error-message
file-upload-complete:progress-success
fill-base-content
fill-black
fill-gray-200
filter
filter-reset
fixed
flex
flex-1
flex-col
flex-grow
flex-nowrap
flex-row
flex-shrink-0
flex-wrap
focus-visible:outline-none
focus-within:border-primary
focus:border-primary
focus:outline-1
focus:outline-none
focus:outline-primary
focus:ring-0
font-bold
font-inter
font-medium
font-normal
font-semibold
footer
footer-center
gap-0.5
gap-1
gap-1.5
gap-2
gap-3
gap-4
gap-5
gap-6
gap-x-1
gap-x-2
gap-x-3
gap-y-1
gap-y-2.5
grid
grid-cols-1
grid-flow-col
grow
grow-0
h-10
h-2
h-3
h-36
h-64
h-8
h-auto
h-full
h-screen
helper-text
hidden
hover:bg-primary/20
hover:bg-primary/5
hover:cursor-pointer
hover:text-base-content
hover:text-base-content/60
hover:text-primary
image-full
indicator
indicator-item
inline
inline-block
inline-flex
inline-grid
input
input-floating
input-floating-label
input-lg
input-md
input-sm
input-xl
inset-0
inset-y-0
inset-y-2
invisible
is-invalid
is-valid
isolate
italic
items-center
items-end
items-start
join
join-item
justify-between
justify-center
justify-end
justify-start
label-text
leading-3.5
leading-none
left-0
lg:bg-base-100/20
lg:flex
lg:hidden
lg:min-w-0
lg:p-10
lg:pb-5
lg:pl-64
lg:pr-3.5
lg:pt-5
lg:ring-1
lg:ring-base-content/10
lg:rounded-lg
lg:shadow-xs
lg:table-cell
link
link-animated
link-hover
link-primary
list-disc
list-inside
loading
loading-sm
loading-spinner
loading-xl
lowercase
m-10
mask
max-h-52
max-lg:flex-col
max-lg:hidden
max-md:flex-wrap
max-md:justify-center
max-md:w-full
max-sm:hidden
max-w-64
max-w-7xl
max-w-80
max-w-fit
max-w-full
max-w-lg
max-w-sm
max-w-xl
mb-0.5
mb-1
mb-1.5
mb-2
mb-2.5
mb-25
mb-3
mb-4
mb-5
md:flex
md:gap-2
md:hidden!
md:items-center
md:min-w-md
md:navbar-end
md:text-3xl
me-1
me-1.5
me-2
me-2.5
me-5
menu
menu-active
menu-disabled
menu-dropdown
menu-dropdown-show
menu-horizontal
menu-sm
menu-title
min-h-0
min-h-svh
min-w-0
min-w-28
min-w-48
min-w-60
min-w-[100px]
min-w-full
min-w-sm
ml-3
ml-4
modal
modal-content
modal-dialog
modal-middle
mr-4
ms-0.5
ms-1
ms-1.5
ms-2
ms-3
ms-auto
mt-1
mt-1.5
mt-10
mt-12
mt-2
mt-2.5
mt-20
mt-3
mt-3.5
mt-4
mt-5
mt-8
mx-1
mx-auto
my-20
my-3
my-5
my-auto
navbar
navbar-start
object-cover
opacity-0
opacity-100
opacity-75
open
origin-top-left
outline
outline-0
overflow-hidden
overflow-x-auto
overflow-y-auto
overlay-open:duration-50
overlay-open:opacity-100
overlay-open:translate-x-0
overlay-open:translate-y-0
overscroll-contain
p-0
p-0.5
p-1
p-1.5
p-12
p-2
p-2.5
p-3
p-4
p-5
p-6
p-8
pb-1
pe-1
pin-input
placeholder-base-content/60
pointer-events-auto
pointer-events-none
progress
progress-bar
progress-indeterminate
progress-primary
pt-0.5
pt-2
pt-3
px-1.5
px-2
px-2.5
px-3
px-4
px-5
py-0.5
py-1.5
py-2
py-2.5
py-6
radial-progress
range
relative
resize
right-0
ring
ring-0
ring-1
ring-white/10
rounded-box
rounded-field
rounded-full
rounded-lg
rounded-md
rounded-t-lg
row-active
row-hover
rtl:!mr-0
select
select-floating
select-floating-label
select-sm
selected
selected:select-active
shadow-base-300/20
shadow-lg
shadow-md
shadow-none
shadow-xs
shrink-0
size-10
size-12
size-4
size-5
size-8
size-8.5
sm:auto-cols-max
sm:flex
sm:inline
sm:items-center
sm:items-end
sm:justify-between
sm:justify-end
sm:max-w-2xl
sm:max-w-3xl
sm:max-w-4xl
sm:max-w-5xl
sm:max-w-6xl
sm:max-w-7xl
sm:max-w-lg
sm:max-w-md
sm:max-w-xl
sm:mb-0
sm:mt-5
sm:p-6
sm:py-2
sm:text-sm/5
space-x-1
space-x-2.5
space-y-1
space-y-4
sr-only
static
status
sticky
success-message
switch
tab
tab!
tab-active
table
table-pin-cols
table-pin-rows
tabs
tabs-bordered
tabs-lg
tabs-lifted
tabs-md
tabs-sm
tabs-xl
tabs-xs
text-2xl
text-4xl
text-5xl
text-accent
text-base
text-base-content
text-base-content/40
text-base-content/50
text-base-content/60
text-base-content/70
text-base-content/80
text-base/6
text-center
text-error
text-error-content
text-gray-400
text-info
text-info-content
text-left
text-lg
text-primary
text-primary-content
text-right
text-sm
text-sm/5
text-success
text-success-content
text-warning
text-warning-content
text-xl
text-xs
text-xs/5
textarea
textarea-floating
textarea-floating-label
theme-controller
tooltip
tooltip-content
top-0
top-1/2
top-3
top-full
transform
transition
transition-all
transition-opacity
translate-x-0
truncate
underline
uppercase
validate
w-0
w-0.5
w-13
w-4
w-56
w-6
w-64
w-full
whitespace-nowrap
xl:flex
xl:grid-cols-2
z-40
z-50
z-69
z-70