[
  "!px-1",
  "!py-1",
  "-m-1",
  "-m-1.5",
  "-m-2.5",
  "-m-3",
  "-mx-2",
  "-mx-4",
  "-translate-x-1/2",
  "-translate-x-full",
  "absolute",
  "animate-spin",
  "backdrop-blur",
  "bg-danger-500",
  "bg-danger-600",
  "bg-gradient-to-t",
  "bg-gray-100",
  "bg-gray-200",
  "bg-gray-400",
  "bg-gray-50",
  "bg-gray-700",
  "bg-gray-700/60",
  "bg-gray-750",
  "bg-gray-800",
  "bg-gray-800/60",
  "bg-gray-800/80",
  "bg-gray-900",
  "bg-gray-950",
  "bg-indigo-500",
  "bg-info-400",
  "bg-opacity-50",
  "bg-opacity-75",
  "bg-slate-900",
  "bg-success-400",
  "bg-tertiary-500",
  "bg-transparent",
  "bg-warning-400",
  "bg-white",
  "block",
  "border",
  "border-0",
  "border-b-2",
  "border-gray-100/10",
  "border-gray-700",
  "border-gray-700/60",
  "border-none",
  "border-primary-500",
  "border-red-600",
  "border-slate-700",
  "border-t",
  "border-transparent",
  "bottom-0",
  "bottom-full",
  "col-span-1",
  "col-span-2",
  "col-span-3",
  "cursor-default",
  "cursor-not-allowed",
  "cursor-pointer",
  "dark:bg-gray-700",
  "dark:bg-gray-700/60",
  "dark:disabled:bg-gray-800",
  "dark:disabled:border-gray-700",
  "dark:disabled:placeholder:text-gray-600",
  "dark:disabled:text-gray-600",
  "dark:group-hover:text-gray-400",
  "dark:text-gray-100",
  "dark:text-gray-500",
  "disabled:bg-gray-100",
  "disabled:bg-gray-800",
  "disabled:border-gray-200",
  "disabled:border-gray-700",
  "disabled:cursor-not-allowed",
  "disabled:text-gray-400",
  "disabled:text-gray-600",
  "divide-gray-700/60",
  "divide-y",
  "duration-100",
  "duration-200",
  "duration-300",
  "duration-75",
  "ease-in",
  "ease-in-out",
  "ease-linear",
  "ease-out",
  "fill-current",
  "fill-primary-600",
  "filter",
  "first:pl-4",
  "fixed",
  "flex",
  "flex-1",
  "flex-col",
  "flex-nowrap",
  "flex-row",
  "flex-shrink-0",
  "flex-wrap",
  "focus:outline-none",
  "focus:ring-0",
  "focus:ring-2",
  "focus:ring-indigo-500",
  "focus:ring-indigo-600",
  "focus:ring-offset-0",
  "focus:ring-offset-2",
  "font-bold",
  "font-inter",
  "font-medium",
  "font-normal",
  "font-scp",
  "font-semibold",
  "form-checkbox",
  "form-input",
  "form-radio",
  "form-select",
  "from-gray-700",
  "from-primary-700",
  "gap-2",
  "gap-5",
  "gap-x-3",
  "gap-x-4",
  "gap-x-6",
  "gap-y-5",
  "gap-y-7",
  "gap-y-8",
  "grid",
  "grid-cols-1",
  "grid-cols-3",
  "grid-cols-6",
  "grid-flow-col",
  "group-hover:text-gray-500",
  "group-hover:text-white",
  "grow",
  "h-10",
  "h-12",
  "h-16",
  "h-20",
  "h-4",
  "h-5",
  "h-6",
  "h-8",
  "h-px",
  "hidden",
  "hover:bg-gray-700",
  "hover:bg-gray-800",
  "hover:bg-primary-600",
  "hover:border-b-2",
  "hover:border-gray-600",
  "hover:border-primary-500",
  "hover:text-gray-100",
  "hover:text-gray-500",
  "hover:text-info-400",
  "hover:text-white",
  "inline",
  "inline-flex",
  "inset-0",
  "italic",
  "items-center",
  "items-end",
  "items-start",
  "justify-between",
  "justify-center",
  "justify-end",
  "justify-start",
  "justify-stretch",
  "last:mr-0",
  "last:pr-4",
  "leading-5",
  "leading-6",
  "leading-7",
  "left-1/2",
  "left-auto",
  "left-full",
  "lg:-mx-8",
  "lg:bg-gray-900/10",
  "lg:block",
  "lg:first:pl-8",
  "lg:fixed",
  "lg:flex",
  "lg:flex-col",
  "lg:gap-x-6",
  "lg:h-6",
  "lg:hidden",
  "lg:inset-y-0",
  "lg:items-center",
  "lg:last:pr-8",
  "lg:max-w-5xl",
  "lg:pl-72",
  "lg:px-8",
  "lg:w-72",
  "lg:w-px",
  "lg:z-50",
  "list-disc",
  "m-1",
  "m-3",
  "max-h-56",
  "max-w-lg",
  "max-w-sm",
  "max-w-xs",
  "mb-1",
  "mb-2",
  "mb-3",
  "mb-4",
  "mb-5",
  "mb-6",
  "mb-8",
  "md:flex-row",
  "md:grid-cols-3",
  "md:items-center",
  "md:space-y-0",
  "md:text-3xl",
  "me-1",
  "me-2",
  "min-h-full",
  "min-w-60",
  "ml-2",
  "ml-3",
  "ml-4",
  "ml-auto",
  "mr-1",
  "mr-16",
  "mr-2",
  "mr-3",
  "mr-6",
  "ms-0.5",
  "ms-1",
  "ms-3",
  "mt-1",
  "mt-10",
  "mt-2",
  "mt-2.5",
  "mt-3",
  "mt-4",
  "mt-5",
  "mt-8",
  "mt-auto",
  "mx-5",
  "mx-auto",
  "my-1",
  "my-3",
  "my-4",
  "my-8",
  "opacity-0",
  "opacity-100",
  "origin-top-right",
  "overflow-auto",
  "overflow-hidden",
  "overflow-x-auto",
  "overflow-x-scroll",
  "overflow-y-auto",
  "p-0",
  "p-1",
  "p-1.5",
  "p-2",
  "p-2.5",
  "p-4",
  "p-5",
  "pb-1",
  "pb-3",
  "pb-4",
  "pl-12",
  "pl-2",
  "pl-3",
  "pl-5",
  "pl-9",
  "pointer-events-auto",
  "pointer-events-none",
  "pr-1",
  "pr-3",
  "pr-8",
  "pt-0.5",
  "pt-4",
  "pt-5",
  "pt-6",
  "px-2",
  "px-3",
  "px-4",
  "px-5",
  "px-6",
  "py-1",
  "py-10",
  "py-2",
  "py-3",
  "py-6",
  "py-8",
  "relative",
  "right-0",
  "right-auto",
  "ring-1",
  "ring-black",
  "ring-gray-900/5",
  "ring-opacity-5",
  "ring-white/10",
  "rounded",
  "rounded-b-lg",
  "rounded-full",
  "rounded-lg",
  "rounded-md",
  "rounded-t-lg",
  "scale-100",
  "scale-95",
  "select-none",
  "shadow-lg",
  "shadow-none",
  "shadow-sm",
  "shadow-xl",
  "shrink-0",
  "sm:-mx-6",
  "sm:auto-cols-max",
  "sm:col-span-1",
  "sm:col-span-2",
  "sm:col-span-3",
  "sm:col-span-4",
  "sm:col-span-5",
  "sm:col-span-6",
  "sm:first:pl-6",
  "sm:flex",
  "sm:gap-x-6",
  "sm:grid-cols-6",
  "sm:items-center",
  "sm:items-end",
  "sm:justify-between",
  "sm:justify-end",
  "sm:last:pr-6",
  "sm:max-w-2xl",
  "sm:max-w-3xl",
  "sm:max-w-4xl",
  "sm:max-w-5xl",
  "sm:max-w-6xl",
  "sm:max-w-7xl",
  "sm:max-w-lg",
  "sm:max-w-md",
  "sm:max-w-xl",
  "sm:mb-0",
  "sm:mr-3",
  "sm:mt-5",
  "sm:mt-6",
  "sm:p-0",
  "sm:p-6",
  "sm:pb-4",
  "sm:px-6",
  "sm:text-sm",
  "space-x-1",
  "space-x-2",
  "space-x-5",
  "space-y-1",
  "space-y-2",
  "space-y-3",
  "space-y-4",
  "space-y-8",
  "sr-only",
  "static",
  "sticky",
  "table",
  "table-auto",
  "text-2xl",
  "text-3xl",
  "text-4xl",
  "text-[0.625rem]",
  "text-base",
  "text-center",
  "text-danger-500",
  "text-gray-100",
  "text-gray-200",
  "text-gray-300",
  "text-gray-400",
  "text-gray-500",
  "text-gray-600",
  "text-gray-700",
  "text-gray-800",
  "text-gray-900",
  "text-green-500",
  "text-indigo-600",
  "text-info-400",
  "text-info-500",
  "text-left",
  "text-lg",
  "text-primary-500",
  "text-red-500",
  "text-slate-400",
  "text-slate-600",
  "text-sm",
  "text-success-400",
  "text-success-500",
  "text-tertiary-500",
  "text-warning-400",
  "text-white",
  "text-xl",
  "text-xs",
  "to-gray-800",
  "to-primary-600",
  "top-0",
  "transform",
  "transition",
  "transition-all",
  "transition-opacity",
  "translate-x-0",
  "translate-y-0",
  "translate-y-2",
  "truncate",
  "uppercase",
  "w-0",
  "w-10",
  "w-12",
  "w-16",
  "w-20",
  "w-24",
  "w-32",
  "w-4",
  "w-5",
  "w-6",
  "w-8",
  "w-auto",
  "w-full",
  "w-px",
  "w-screen",
  "whitespace-nowrap",
  "z-10",
  "z-40",
  "z-50"
]
